// Jest Snapshot v1, https://goo.gl/fbAQLP

exports[`Box component test renders with custom props 1`] = `
<div>
  <div
    class="sc-bgqQcB bBOBOI"
    data-testid="@box/container"
    style="height: 26px; max-width: 26px; border-radius: 6px; border: 1px solid red;"
  />
</div>
`;
